正在执行...
[GC (Allocation Failure) [ParNew: 139696K->17472K(157248K), 0.0185903 secs] 139696K->45496K(506816K), 0.0186681 secs] [Times: user=0.04 sys=0.11, real=0.02 secs] 
[GC (Allocation Failure) [ParNew: 156799K->17467K(157248K), 0.0197715 secs] 184824K->96018K(506816K), 0.0198178 secs] [Times: user=0.05 sys=0.12, real=0.02 secs] 
[GC (Allocation Failure) [ParNew: 157243K->17471K(157248K), 0.0220777 secs] 235794K->146121K(506816K), 0.0221237 secs] [Times: user=0.20 sys=0.01, real=0.02 secs] 
[GC (Allocation Failure) [ParNew: 157001K->17470K(157248K), 0.0219690 secs] 285651K->193030K(506816K), 0.0220097 secs] [Times: user=0.20 sys=0.01, real=0.02 secs] 
[GC (CMS Initial Mark) [1 CMS-initial-mark: 175559K(349568K)] 196160K(506816K), 0.0002148 secs] [Times: user=0.00 sys=0.00, real=0.00 secs] 
[CMS-concurrent-mark-start]
[CMS-concurrent-mark: 0.001/0.001 secs] [Times: user=0.01 sys=0.00, real=0.00 secs] 
[CMS-concurrent-preclean-start]
[CMS-concurrent-preclean: 0.000/0.000 secs] [Times: user=0.00 sys=0.00, real=0.00 secs] 
[CMS-concurrent-abortable-preclean-start]
[GC (Allocation Failure) [ParNew: 157246K->17469K(157248K), 0.0198335 secs] 332806K->235977K(506816K), 0.0198792 secs] [Times: user=0.19 sys=0.01, real=0.02 secs] 
[GC (Allocation Failure) [ParNew: 157150K->17469K(157248K), 0.0218645 secs] 375658K->284266K(506816K), 0.0219092 secs] [Times: user=0.20 sys=0.01, real=0.02 secs] 
[GC (Allocation Failure) [ParNew: 157245K->17471K(157248K), 0.0200754 secs] 424042K->326488K(506816K), 0.0201183 secs] [Times: user=0.19 sys=0.02, real=0.02 secs] 
[GC (Allocation Failure) [ParNew: 157247K->157247K(157248K), 0.0000194 secs][CMS[CMS-concurrent-abortable-preclean: 0.003/0.118 secs] [Times: user=0.63 sys=0.04, real=0.12 secs] 
 (concurrent mode failure): 309017K->258275K(349568K), 0.0385347 secs] 466264K->258275K(506816K), [Metaspace: 2706K->2706K(1056768K)], 0.0386242 secs] [Times: user=0.04 sys=0.00, real=0.04 secs] 
[GC (Allocation Failure) [ParNew: 139776K->17469K(157248K), 0.0059909 secs] 398051K->302529K(506816K), 0.0060433 secs] [Times: user=0.05 sys=0.00, real=0.01 secs] 
[GC (CMS Initial Mark) [1 CMS-initial-mark: 285059K(349568K)] 305510K(506816K), 0.0002105 secs] [Times: user=0.00 sys=0.00, real=0.00 secs] 
[CMS-concurrent-mark-start]
[CMS-concurrent-mark: 0.001/0.001 secs] [Times: user=0.01 sys=0.00, real=0.00 secs] 
[CMS-concurrent-preclean-start]
[CMS-concurrent-preclean: 0.001/0.001 secs] [Times: user=0.00 sys=0.00, real=0.00 secs] 
[CMS-concurrent-abortable-preclean-start]
[GC (Allocation Failure) [ParNew: 157145K->17471K(157248K), 0.0168119 secs] 442205K->348123K(506816K), 0.0168617 secs] [Times: user=0.16 sys=0.00, real=0.02 secs] 
[CMS-concurrent-abortable-preclean: 0.001/0.036 secs] [Times: user=0.18 sys=0.00, real=0.04 secs] 
[GC (CMS Final Remark) [YG occupancy: 24989 K (157248 K)][Rescan (parallel) , 0.0002418 secs][weak refs processing, 0.0000078 secs][class unloading, 0.0001844 secs][scrub symbol table, 0.0002640 secs][scrub string table, 0.0001730 secs][1 CMS-remark: 330652K(349568K)] 355642K(506816K), 0.0009299 secs] [Times: user=0.00 sys=0.00, real=0.00 secs] 
[CMS-concurrent-sweep-start]
[CMS-concurrent-sweep: 0.001/0.001 secs] [Times: user=0.00 sys=0.00, real=0.00 secs] 
[CMS-concurrent-reset-start]
[CMS-concurrent-reset: 0.000/0.000 secs] [Times: user=0.00 sys=0.00, real=0.00 secs] 
[GC (Allocation Failure) [ParNew: 157247K->17470K(157248K), 0.0100894 secs] 450996K->352433K(506816K), 0.0101422 secs] [Times: user=0.09 sys=0.01, real=0.01 secs] 
[GC (CMS Initial Mark) [1 CMS-initial-mark: 334962K(349568K)] 355372K(506816K), 0.0002173 secs] [Times: user=0.00 sys=0.00, real=0.00 secs] 
[CMS-concurrent-mark-start]
[CMS-concurrent-mark: 0.001/0.001 secs] [Times: user=0.00 sys=0.00, real=0.00 secs] 
[CMS-concurrent-preclean-start]
[CMS-concurrent-preclean: 0.001/0.001 secs] [Times: user=0.00 sys=0.00, real=0.00 secs] 
[CMS-concurrent-abortable-preclean-start]
[CMS-concurrent-abortable-preclean: 0.000/0.000 secs] [Times: user=0.00 sys=0.00, real=0.00 secs] 
[GC (CMS Final Remark) [YG occupancy: 30791 K (157248 K)][Rescan (parallel) , 0.0003416 secs][weak refs processing, 0.0000099 secs][class unloading, 0.0001894 secs][scrub symbol table, 0.0002786 secs][scrub string table, 0.0001742 secs][1 CMS-remark: 334962K(349568K)] 365754K(506816K), 0.0010894 secs] [Times: user=0.01 sys=0.00, real=0.00 secs] 
[CMS-concurrent-sweep-start]
[CMS-concurrent-sweep: 0.001/0.001 secs] [Times: user=0.00 sys=0.00, real=0.00 secs] 
[CMS-concurrent-reset-start]
[CMS-concurrent-reset: 0.000/0.000 secs] [Times: user=0.00 sys=0.00, real=0.00 secs] 
[GC (Allocation Failure) [ParNew: 157246K->17466K(157248K), 0.0090298 secs] 427535K->329690K(506816K), 0.0090811 secs] [Times: user=0.08 sys=0.00, real=0.01 secs] 
[GC (CMS Initial Mark) [1 CMS-initial-mark: 312224K(349568K)] 333037K(506816K), 0.0002214 secs] [Times: user=0.00 sys=0.00, real=0.00 secs] 
[CMS-concurrent-mark-start]
[CMS-concurrent-mark: 0.001/0.001 secs] [Times: user=0.00 sys=0.00, real=0.00 secs] 
[CMS-concurrent-preclean-start]
[CMS-concurrent-preclean: 0.001/0.001 secs] [Times: user=0.00 sys=0.00, real=0.00 secs] 
[CMS-concurrent-abortable-preclean-start]
[GC (Allocation Failure) [ParNew: 157227K->157227K(157248K), 0.0000248 secs][CMS[CMS-concurrent-abortable-preclean: 0.001/0.018 secs] [Times: user=0.02 sys=0.00, real=0.02 secs] 
 (concurrent mode failure): 312224K->302333K(349568K), 0.0418892 secs] 469451K->302333K(506816K), [Metaspace: 2706K->2706K(1056768K)], 0.0419892 secs] [Times: user=0.04 sys=0.00, real=0.04 secs] 
[GC (Allocation Failure) [ParNew: 139776K->17471K(157248K), 0.0061050 secs] 442109K->348941K(506816K), 0.0061570 secs] [Times: user=0.06 sys=0.00, real=0.01 secs] 
[GC (CMS Initial Mark) [1 CMS-initial-mark: 331469K(349568K)] 349085K(506816K), 0.0002175 secs] [Times: user=0.00 sys=0.00, real=0.00 secs] 
[CMS-concurrent-mark-start]
[CMS-concurrent-mark: 0.001/0.001 secs] [Times: user=0.00 sys=0.00, real=0.00 secs] 
[CMS-concurrent-preclean-start]
[CMS-concurrent-preclean: 0.001/0.001 secs] [Times: user=0.00 sys=0.00, real=0.00 secs] 
[CMS-concurrent-abortable-preclean-start]
[CMS-concurrent-abortable-preclean: 0.000/0.000 secs] [Times: user=0.00 sys=0.00, real=0.00 secs] 
[GC (CMS Final Remark) [YG occupancy: 30008 K (157248 K)][Rescan (parallel) , 0.0003004 secs][weak refs processing, 0.0000082 secs][class unloading, 0.0001869 secs][scrub symbol table, 0.0002814 secs][scrub string table, 0.0001773 secs][1 CMS-remark: 331469K(349568K)] 361478K(506816K), 0.0010127 secs] [Times: user=0.01 sys=0.00, real=0.00 secs] 
[CMS-concurrent-sweep-start]
[CMS-concurrent-sweep: 0.000/0.000 secs] [Times: user=0.00 sys=0.00, real=0.00 secs] 
[CMS-concurrent-reset-start]
[CMS-concurrent-reset: 0.000/0.000 secs] [Times: user=0.00 sys=0.00, real=0.00 secs] 
[GC (Allocation Failure) [ParNew: 157247K->17467K(157248K), 0.0098480 secs] 450139K->354790K(506816K), 0.0098948 secs] [Times: user=0.10 sys=0.00, real=0.01 secs] 
[GC (CMS Initial Mark) [1 CMS-initial-mark: 337323K(349568K)] 357695K(506816K), 0.0002272 secs] [Times: user=0.00 sys=0.00, real=0.00 secs] 
[CMS-concurrent-mark-start]
[CMS-concurrent-mark: 0.001/0.001 secs] [Times: user=0.00 sys=0.00, real=0.00 secs] 
[CMS-concurrent-preclean-start]
[CMS-concurrent-preclean: 0.001/0.001 secs] [Times: user=0.00 sys=0.00, real=0.00 secs] 
[CMS-concurrent-abortable-preclean-start]
[CMS-concurrent-abortable-preclean: 0.000/0.000 secs] [Times: user=0.00 sys=0.00, real=0.00 secs] 
[GC (CMS Final Remark) [YG occupancy: 30715 K (157248 K)][Rescan (parallel) , 0.0002784 secs][weak refs processing, 0.0000160 secs][class unloading, 0.0001842 secs][scrub symbol table, 0.0002705 secs][scrub string table, 0.0001787 secs][1 CMS-remark: 337323K(349568K)] 368038K(506816K), 0.0010050 secs] [Times: user=0.00 sys=0.00, real=0.00 secs] 
[CMS-concurrent-sweep-start]
[CMS-concurrent-sweep: 0.001/0.001 secs] [Times: user=0.00 sys=0.00, real=0.00 secs] 
[CMS-concurrent-reset-start]
[CMS-concurrent-reset: 0.000/0.000 secs] [Times: user=0.00 sys=0.00, real=0.00 secs] 
[GC (Allocation Failure) [ParNew: 157243K->157243K(157248K), 0.0000227 secs][CMS: 298946K->325152K(349568K), 0.0438164 secs] 456189K->325152K(506816K), [Metaspace: 2706K->2706K(1056768K)], 0.0439107 secs] [Times: user=0.04 sys=0.00, real=0.04 secs] 
[GC (CMS Initial Mark) [1 CMS-initial-mark: 325152K(349568K)] 325296K(506816K), 0.0002650 secs] [Times: user=0.01 sys=0.00, real=0.00 secs] 
[CMS-concurrent-mark-start]
[CMS-concurrent-mark: 0.001/0.001 secs] [Times: user=0.00 sys=0.00, real=0.00 secs] 
[CMS-concurrent-preclean-start]
[CMS-concurrent-preclean: 0.001/0.001 secs] [Times: user=0.00 sys=0.00, real=0.00 secs] 
[CMS-concurrent-abortable-preclean-start]
[GC (Allocation Failure) [ParNew: 139776K->139776K(157248K), 0.0000252 secs][CMS[CMS-concurrent-abortable-preclean: 0.001/0.019 secs] [Times: user=0.02 sys=0.00, real=0.02 secs] 
 (concurrent mode failure): 325152K->328773K(349568K), 0.0450447 secs] 464928K->328773K(506816K), [Metaspace: 2706K->2706K(1056768K)], 0.0451490 secs] [Times: user=0.04 sys=0.00, real=0.05 secs] 
[GC (Allocation Failure) [ParNew: 139776K->139776K(157248K), 0.0000264 secs][CMS: 328773K->331587K(349568K), 0.0555933 secs] 468549K->331587K(506816K), [Metaspace: 2706K->2706K(1056768K)], 0.0557038 secs] [Times: user=0.06 sys=0.00, real=0.05 secs] 
[GC (CMS Initial Mark) [1 CMS-initial-mark: 331587K(349568K)] 331731K(506816K), 0.0003067 secs] [Times: user=0.00 sys=0.00, real=0.01 secs] 
[CMS-concurrent-mark-start]
[CMS-concurrent-mark: 0.001/0.001 secs] [Times: user=0.00 sys=0.00, real=0.00 secs] 
[CMS-concurrent-preclean-start]
[CMS-concurrent-preclean: 0.001/0.001 secs] [Times: user=0.00 sys=0.00, real=0.00 secs] 
[CMS-concurrent-abortable-preclean-start]
[GC (Allocation Failure) [ParNew: 139753K->139753K(157248K), 0.0000347 secs][CMS[CMS-concurrent-abortable-preclean: 0.001/0.023 secs] [Times: user=0.03 sys=0.01, real=0.02 secs] 
 (concurrent mode failure): 331587K->336244K(349568K), 0.0593639 secs] 471340K->336244K(506816K), [Metaspace: 2706K->2706K(1056768K)], 0.0595181 secs] [Times: user=0.06 sys=0.00, real=0.06 secs] 
[GC (Allocation Failure) [ParNew: 139776K->139776K(157248K), 0.0000255 secs][CMS: 336244K->349232K(349568K), 0.0533224 secs] 476020K->355805K(506816K), [Metaspace: 2706K->2706K(1056768K)], 0.0534275 secs] [Times: user=0.05 sys=0.00, real=0.05 secs] 
[GC (CMS Initial Mark) [1 CMS-initial-mark: 349232K(349568K)] 356286K(506816K), 0.0002548 secs] [Times: user=0.00 sys=0.00, real=0.00 secs] 
[CMS-concurrent-mark-start]
[CMS-concurrent-mark: 0.001/0.001 secs] [Times: user=0.00 sys=0.00, real=0.01 secs] 
[CMS-concurrent-preclean-start]
[CMS-concurrent-preclean: 0.002/0.002 secs] [Times: user=0.01 sys=0.00, real=0.00 secs] 
[CMS-concurrent-abortable-preclean-start]
[CMS-concurrent-abortable-preclean: 0.000/0.000 secs] [Times: user=0.00 sys=0.00, real=0.00 secs] 
[GC (CMS Final Remark) [YG occupancy: 30645 K (157248 K)][Rescan (parallel) , 0.0003117 secs][weak refs processing, 0.0000108 secs][class unloading, 0.0002117 secs][scrub symbol table, 0.0002941 secs][scrub string table, 0.0001856 secs][1 CMS-remark: 349232K(349568K)] 379878K(506816K), 0.0010899 secs] [Times: user=0.00 sys=0.00, real=0.00 secs] 
[CMS-concurrent-sweep-start]
[CMS-concurrent-sweep: 0.000/0.000 secs] [Times: user=0.00 sys=0.00, real=0.00 secs] 
[CMS-concurrent-reset-start]
[CMS-concurrent-reset: 0.000/0.000 secs] [Times: user=0.00 sys=0.00, real=0.00 secs] 
执行结束!共生成对象次数:10745
Heap
 par new generation   total 157248K, used 41700K [0x00000007a0000000, 0x00000007aaaa0000, 0x00000007aaaa0000)
  eden space 139776K,  29% used [0x00000007a0000000, 0x00000007a28b9348, 0x00000007a8880000)
  from space 17472K,   0% used [0x00000007a9990000, 0x00000007a9990000, 0x00000007aaaa0000)
  to   space 17472K,   0% used [0x00000007a8880000, 0x00000007a8880000, 0x00000007a9990000)
 concurrent mark-sweep generation total 349568K, used 348724K [0x00000007aaaa0000, 0x00000007c0000000, 0x00000007c0000000)
 Metaspace       used 2712K, capacity 4486K, committed 4864K, reserved 1056768K
  class space    used 295K, capacity 386K, committed 512K, reserved 1048576K
