正在执行...
[GC (Allocation Failure) [ParNew: 681600K->85184K(766784K), 0.0605066 secs] 681600K->175967K(4109120K), 0.0605645 secs] [Times: user=0.12 sys=0.38, real=0.06 secs] 
[GC (Allocation Failure) [ParNew: 766748K->85184K(766784K), 0.0658259 secs] 857531K->317502K(4109120K), 0.0658746 secs] [Times: user=0.13 sys=0.40, real=0.07 secs] 
[GC (Allocation Failure) [ParNew: 766784K->85184K(766784K), 0.0838000 secs] 999102K->453448K(4109120K), 0.0838737 secs] [Times: user=0.78 sys=0.04, real=0.09 secs] 
[GC (Allocation Failure) [ParNew: 766784K->85184K(766784K), 0.0691679 secs] 1135048K->588133K(4109120K), 0.0692135 secs] [Times: user=0.65 sys=0.04, real=0.07 secs] 
[GC (Allocation Failure) [ParNew: 766784K->85183K(766784K), 0.0724473 secs] 1269733K->730699K(4109120K), 0.0724876 secs] [Times: user=0.68 sys=0.04, real=0.07 secs] 
执行结束!共生成对象次数:13662
Heap
 par new generation   total 766784K, used 338219K [0x00000006c0000000, 0x00000006f4000000, 0x00000006f4000000)
  eden space 681600K,  37% used [0x00000006c0000000, 0x00000006cf71afb0, 0x00000006e99a0000)
  from space 85184K,  99% used [0x00000006eecd0000, 0x00000006f3fffe18, 0x00000006f4000000)
  to   space 85184K,   0% used [0x00000006e99a0000, 0x00000006e99a0000, 0x00000006eecd0000)
 concurrent mark-sweep generation total 3342336K, used 645515K [0x00000006f4000000, 0x00000007c0000000, 0x00000007c0000000)
 Metaspace       used 2712K, capacity 4486K, committed 4864K, reserved 1056768K
  class space    used 295K, capacity 386K, committed 512K, reserved 1048576K
