正在执行...
[GC (Allocation Failure) [PSYoungGen: 1048576K->174575K(1223168K)] 1048576K->234592K(4019712K), 0.0885987 secs] [Times: user=0.10 sys=0.58, real=0.09 secs] 
[GC (Allocation Failure) [PSYoungGen: 1223151K->174583K(1223168K)] 1283168K->364672K(4019712K), 0.1109898 secs] [Times: user=0.12 sys=0.74, real=0.11 secs] 
[GC (Allocation Failure) [PSYoungGen: 1223159K->174577K(1223168K)] 1413248K->493569K(4019712K), 0.0781964 secs] [Times: user=0.24 sys=0.39, real=0.08 secs] 
执行结束!共生成对象次数:12446
Heap
 PSYoungGen      total 1223168K, used 321746K [0x000000076ab00000, 0x00000007c0000000, 0x00000007c0000000)
  eden space 1048576K, 14% used [0x000000076ab00000,0x0000000773ab8608,0x00000007aab00000)
  from space 174592K, 99% used [0x00000007aab00000,0x00000007b557c508,0x00000007b5580000)
  to   space 174592K, 0% used [0x00000007b5580000,0x00000007b5580000,0x00000007c0000000)
 ParOldGen       total 2796544K, used 318992K [0x00000006c0000000, 0x000000076ab00000, 0x000000076ab00000)
  object space 2796544K, 11% used [0x00000006c0000000,0x00000006d3784280,0x000000076ab00000)
 Metaspace       used 2712K, capacity 4486K, committed 4864K, reserved 1056768K
  class space    used 295K, capacity 386K, committed 512K, reserved 1048576K
