正在执行...
[GC (Allocation Failure) [PSYoungGen: 524800K->87037K(611840K)] 524800K->140765K(2010112K), 0.0472835 secs] [Times: user=0.06 sys=0.34, real=0.05 secs] 
[GC (Allocation Failure) [PSYoungGen: 611837K->87035K(611840K)] 665565K->260110K(2010112K), 0.0729629 secs] [Times: user=0.08 sys=0.51, real=0.07 secs] 
[GC (Allocation Failure) [PSYoungGen: 611835K->87038K(611840K)] 784910K->364510K(2010112K), 0.0511408 secs] [Times: user=0.13 sys=0.28, real=0.05 secs] 
[GC (Allocation Failure) [PSYoungGen: 611838K->87034K(611840K)] 889310K->485846K(2010112K), 0.0589865 secs] [Times: user=0.14 sys=0.33, real=0.06 secs] 
[GC (Allocation Failure) [PSYoungGen: 611834K->87032K(611840K)] 1010646K->595801K(2010112K), 0.0541893 secs] [Times: user=0.13 sys=0.30, real=0.06 secs] 
[GC (Allocation Failure) [PSYoungGen: 611832K->87039K(326144K)] 1120601K->703670K(1724416K), 0.0529877 secs] [Times: user=0.13 sys=0.29, real=0.06 secs] 
[GC (Allocation Failure) [PSYoungGen: 326143K->140099K(379392K)] 942774K->760968K(1777664K), 0.0143229 secs] [Times: user=0.13 sys=0.01, real=0.02 secs] 
[GC (Allocation Failure) [PSYoungGen: 379203K->175594K(468480K)] 1000072K->810408K(1866752K), 0.0217738 secs] [Times: user=0.15 sys=0.04, real=0.02 secs] 
[GC (Allocation Failure) [PSYoungGen: 411114K->192664K(465920K)] 1045928K->854503K(1864192K), 0.0291233 secs] [Times: user=0.17 sys=0.08, real=0.02 secs] 
执行结束!共生成对象次数:15146
Heap
 PSYoungGen      total 465920K, used 304285K [0x0000000795580000, 0x00000007c0000000, 0x00000007c0000000)
  eden space 235520K, 47% used [0x0000000795580000,0x000000079c281200,0x00000007a3b80000)
  from space 230400K, 83% used [0x00000007a3b80000,0x00000007af7a6330,0x00000007b1c80000)
  to   space 229376K, 0% used [0x00000007b2000000,0x00000007b2000000,0x00000007c0000000)
 ParOldGen       total 1398272K, used 661839K [0x0000000740000000, 0x0000000795580000, 0x0000000795580000)
  object space 1398272K, 47% used [0x0000000740000000,0x0000000768653cc8,0x0000000795580000)
 Metaspace       used 2712K, capacity 4486K, committed 4864K, reserved 1056768K
  class space    used 295K, capacity 386K, committed 512K, reserved 1048576K
