正在执行...
[GC (Allocation Failure) [DefNew: 559232K->69888K(629120K), 0.0722402 secs] 559232K->142947K(2027264K), 0.0722853 secs] [Times: user=0.05 sys=0.02, real=0.07 secs] 
[GC (Allocation Failure) [DefNew: 629120K->69888K(629120K), 0.1096389 secs] 702179K->270301K(2027264K), 0.1096869 secs] [Times: user=0.06 sys=0.04, real=0.11 secs] 
[GC (Allocation Failure) [DefNew: 629120K->69887K(629120K), 0.0783054 secs] 829533K->397309K(2027264K), 0.0783387 secs] [Times: user=0.05 sys=0.03, real=0.08 secs] 
[GC (Allocation Failure) [DefNew: 629119K->69887K(629120K), 0.0773331 secs] 956541K->528987K(2027264K), 0.0773838 secs] [Times: user=0.05 sys=0.02, real=0.08 secs] 
[GC (Allocation Failure) [DefNew: 629119K->69888K(629120K), 0.0922557 secs] 1088219K->658259K(2027264K), 0.0923062 secs] [Times: user=0.06 sys=0.03, real=0.10 secs] 
执行结束!共生成对象次数:10577
Heap
 def new generation   total 629120K, used 92270K [0x0000000740000000, 0x000000076aaa0000, 0x000000076aaa0000)
  eden space 559232K,   4% used [0x0000000740000000, 0x00000007415dba08, 0x0000000762220000)
  from space 69888K, 100% used [0x0000000766660000, 0x000000076aaa0000, 0x000000076aaa0000)
  to   space 69888K,   0% used [0x0000000762220000, 0x0000000762220000, 0x0000000766660000)
 tenured generation   total 1398144K, used 588371K [0x000000076aaa0000, 0x00000007c0000000, 0x00000007c0000000)
   the space 1398144K,  42% used [0x000000076aaa0000, 0x000000078e934c58, 0x000000078e934e00, 0x00000007c0000000)
 Metaspace       used 2712K, capacity 4486K, committed 4864K, reserved 1056768K
  class space    used 295K, capacity 386K, committed 512K, reserved 1048576K
